[wpocean.com/wp/lovelove/wedding-home/index.html]
[backblue.gif]
[fade.gif]
[index.html]
[wpocean.com/wp/lovelove/wp-includes/css/dist/block-library/style.min6a4d.css]
[wpocean.com/wp/lovelove/wp-content/plugins/woocommerce/packages/woocommerce-blocks/build/wc-blocks-vendors-style8caf.css]
[wpocean.com/wp/lovelove/wp-content/plugins/woocommerce/packages/woocommerce-blocks/build/wc-blocks-style8caf.css]
[wpocean.com/wp/lovelove/wp-includes/css/classic-themes.min68b3.css]
[wpocean.com/wp/lovelove/wp-content/plugins/contact-form-7/includes/css/styles77e1.css]
[wpocean.com/wp/lovelove/wp-content/plugins/lovelove-core/elementor/assets/css/lovelove-elementor8a54.css]
[wpocean.com/wp/lovelove/wp-content/plugins/woocommerce/assets/css/woocommerce-layout9d27.css]
[wpocean.com/wp/lovelove/wp-content/plugins/woocommerce/assets/css/woocommerce-smallscreen9d27.css]
[wpocean.com/wp/lovelove/wp-content/plugins/woocommerce/assets/css/woocommerce9d27.css]
[wpocean.com/wp/lovelove/wp-content/themes/lovelove/assets/css/themify-icons4698.css]
[wpocean.com/wp/lovelove/wp-content/themes/lovelove/assets/css/flaticon8a54.css]
[wpocean.com/wp/lovelove/wp-content/themes/lovelove/assets/css/bootstrap.min972f.css]
[wpocean.com/wp/lovelove/wp-content/themes/lovelove/assets/css/animate9d52.css]
[wpocean.com/wp/lovelove/wp-content/themes/lovelove/assets/css/odometer699f.css]
[wpocean.com/wp/lovelove/wp-content/themes/lovelove/assets/css/owl.carousel531b.css]
[wpocean.com/wp/lovelove/wp-content/themes/lovelove/assets/css/owl.theme001e.css]
[wpocean.com/wp/lovelove/wp-content/themes/lovelove/assets/css/slickaff7.css]
[wpocean.com/wp/lovelove/wp-content/themes/lovelove/assets/css/swiper.min1678.css]
[wpocean.com/wp/lovelove/wp-content/themes/lovelove/assets/css/slick-themeaff7.css]
[wpocean.com/wp/lovelove/wp-content/themes/lovelove/assets/css/owl.transitions001e.css]
[wpocean.com/wp/lovelove/wp-content/themes/lovelove/assets/css/fancybox001e.css]
[wpocean.com/wp/lovelove/wp-content/themes/lovelove/assets/css/magnific-popup001e.css]
[wpocean.com/wp/lovelove/wp-content/themes/lovelove/assets/css/styles4bf4.css]
[wpocean.com/wp/lovelove/wp-content/themes/lovelove/assets/css/elements4bf4.css]
[wpocean.com/wp/lovelove/wp-content/themes/lovelove/assets/css/responsive4bf4.css]
[wpocean.com/wp/lovelove/wp-content/themes/lovelove/style6a4d.css]
[wpocean.com/wp/lovelove/wp-content/plugins/elementor/assets/lib/eicons/css/elementor-icons.min91ce.css]
[wpocean.com/wp/lovelove/wp-content/plugins/elementor/assets/css/frontend-lite.min7e2e.css]
[wpocean.com/wp/lovelove/wp-content/uploads/elementor/css/post-6a6d9.css]
[wpocean.com/wp/lovelove/wp-content/uploads/elementor/css/post-79eb36.css]
[wpocean.com/wp/lovelove/wp-content/plugins/lovelove-core/elementor/assets/css/flaticon8a54.css]
[wpocean.com/wp/lovelove/wp-includes/js/jquery/jquery.mina7a0.js]
[wpocean.com/wp/lovelove/wp-includes/js/jquery/jquery-migrate.mind617.js]
[wpocean.com/wp/lovelove/wp-content/uploads/2022/09/static-hero-1.jpg]
[wpocean.com/wp/lovelove/wp-content/uploads/2022/09/static-hero-2.jpg]
[wpocean.com/wp/lovelove/wp-content/uploads/2022/09/static-hero-3.jpg]
[wpocean.com/wp/lovelove/wp-content/uploads/2022/09/shape-2.png]
[wpocean.com/wp/lovelove/wp-content/uploads/2022/09/shape-3.png]
[wpocean.com/wp/lovelove/wp-content/uploads/2022/09/bride-s2-1.jpg]
[wpocean.com/wp/lovelove/wp-content/uploads/2022/09/groom-s2-1.jpg]
[wpocean.com/wp/lovelove/wp-content/uploads/2022/10/story-two-1.jpg]
[wpocean.com/wp/lovelove/wp-content/uploads/2022/10/style-two-2.jpg]
[wpocean.com/wp/lovelove/wp-content/uploads/2022/10/style-two-3.jpg]
[wpocean.com/wp/lovelove/wp-content/uploads/2022/10/gallery-1.jpg]
[wpocean.com/wp/lovelove/wp-content/uploads/2022/10/gallery-2.jpg]
[wpocean.com/wp/lovelove/wp-content/uploads/2022/10/gallery-3.jpg]
[wpocean.com/wp/lovelove/wp-content/uploads/2022/10/gallery-4.jpg]
[wpocean.com/wp/lovelove/wp-content/uploads/2022/10/gallery-5.jpg]
[wpocean.com/wp/lovelove/wp-content/uploads/2022/10/gallery-6.jpg]
[wpocean.com/wp/lovelove/wp-content/uploads/2022/10/gallery-8.jpg]
[wpocean.com/wp/lovelove/wp-content/uploads/2022/10/Margarate-Bennet.jpg]
[wpocean.com/wp/lovelove/wp-content/uploads/2022/10/Robert-William.jpg]
[wpocean.com/wp/lovelove/wp-content/uploads/2022/10/Henry-Dsuza.jpg]
[wpocean.com/wp/lovelove/wp-content/uploads/2022/10/Jenefer-Abram.jpg]
[wpocean.com/wp/lovelove/wp-content/uploads/2022/10/Jenefer-Abram-1.jpg]
[wpocean.com/wp/lovelove/wp-content/uploads/2022/10/Andrea.jpg]
[wpocean.com/wp/lovelove/wp-content/uploads/2022/10/Elizabeth-Ella.jpg]
[wpocean.com/wp/lovelove/wp-content/uploads/2022/10/Emily-Jasmine.jpg]
[wpocean.com/wp/lovelove/wp-content/uploads/2022/10/form-2-bg.jpg]
[wpocean.com/wp/lovelove/wp-content/uploads/2022/10/client-1.png]
[wpocean.com/wp/lovelove/wp-content/uploads/2022/10/client-2.png]
[wpocean.com/wp/lovelove/wp-content/uploads/2022/10/client-3.png]
[wpocean.com/wp/lovelove/wp-content/uploads/2022/10/client-4.png]
[wpocean.com/wp/lovelove/wp-content/uploads/2022/10/client-5.png]
[wpocean.com/wp/lovelove/wp-content/uploads/2022/10/event-1.jpg]
[wpocean.com/wp/lovelove/wp-content/uploads/2022/10/The-Ceremony.jpg]
[wpocean.com/wp/lovelove/wp-content/uploads/2022/10/The-Party.jpg]
[wpocean.com/wp/lovelove/wp-content/uploads/2022/10/single-post-two-800x600.jpg]
[wpocean.com/wp/lovelove/wp-content/uploads/2022/10/list-post-1-210x180.jpg]
[wpocean.com/wp/lovelove/wp-content/uploads/2022/10/list-post-3-210x180.jpg]
[wpocean.com/wp/lovelove/wp-content/uploads/2022/10/single-post-4-210x180.jpg]
[wpocean.com/wp/lovelove/wp-content/plugins/contact-form-7/includes/swv/js/index77e1.js]
[wpocean.com/wp/lovelove/wp-content/plugins/contact-form-7/includes/js/index77e1.js]
[wpocean.com/wp/lovelove/wp-content/plugins/lovelove-core/assets/plugin-scripts6a4d.js]
[wpocean.com/wp/lovelove/wp-content/plugins/woocommerce/assets/js/jquery-blockui/jquery.blockUI.min53ec.js]
[wpocean.com/wp/lovelove/wp-content/plugins/woocommerce/assets/js/frontend/add-to-cart.min9d27.js]
[wpocean.com/wp/lovelove/wp-content/plugins/woocommerce/assets/js/js-cookie/js.cookie.min8b1a.js]
[wpocean.com/wp/lovelove/wp-content/plugins/woocommerce/assets/js/frontend/woocommerce.min9d27.js]
[wpocean.com/wp/lovelove/wp-content/plugins/woocommerce/assets/js/frontend/cart-fragments.min9d27.js]
[wpocean.com/wp/lovelove/wp-content/themes/lovelove/assets/js/bootstrap.min972f.js]
[wpocean.com/wp/lovelove/wp-includes/js/imagesloaded.mineda1.js]
[wpocean.com/wp/lovelove/wp-content/themes/lovelove/assets/js/isotope.min605a.js]
[wpocean.com/wp/lovelove/wp-content/themes/lovelove/assets/js/countdown8a54.js]
[wpocean.com/wp/lovelove/wp-content/themes/lovelove/assets/js/fancybox.mind63f.js]
[wpocean.com/wp/lovelove/wp-content/themes/lovelove/assets/js/instafeed.mind63f.js]
[wpocean.com/wp/lovelove/wp-content/themes/lovelove/assets/js/circle-progress.mind63f.js]
[wpocean.com/wp/lovelove/wp-includes/js/masonry.min3a05.js]
[wpocean.com/wp/lovelove/wp-content/themes/lovelove/assets/js/owl-carousel531b.js]
[wpocean.com/wp/lovelove/wp-content/themes/lovelove/assets/js/jquery-easing2fca.js]
[wpocean.com/wp/lovelove/wp-content/themes/lovelove/assets/js/wow.min2fca.js]
[wpocean.com/wp/lovelove/wp-content/themes/lovelove/assets/js/odometer.min699f.js]
[wpocean.com/wp/lovelove/wp-content/themes/lovelove/assets/js/magnific-popupf488.js]
[wpocean.com/wp/lovelove/wp-content/themes/lovelove/assets/js/slick-slideraff7.js]
[wpocean.com/wp/lovelove/wp-content/themes/lovelove/assets/js/swiper.min1678.js]
[wpocean.com/wp/lovelove/wp-content/themes/lovelove/assets/js/wc-quantity-increment8a54.js]
[wpocean.com/wp/lovelove/wp-content/themes/lovelove/assets/js/scripts4bf4.js]
[wpocean.com/wp/lovelove/wp-content/themes/lovelove/assets/js/jquery.validate.min8162.js]
[wpocean.com/wp/lovelove/wp-content/plugins/elementor/assets/js/webpack.runtime.min7e2e.js]
[wpocean.com/wp/lovelove/wp-content/plugins/elementor/assets/js/frontend-modules.min7e2e.js]
[wpocean.com/wp/lovelove/wp-content/plugins/elementor/assets/lib/waypoints/waypoints.min05da.js]
[wpocean.com/wp/lovelove/wp-includes/js/jquery/ui/core.min3f14.js]
[wpocean.com/wp/lovelove/wp-content/plugins/elementor/assets/js/frontend.min7e2e.js]
[wpocean.com/wp/lovelove/wedding-home/index.html]
[wpocean.com/wp/lovelove/wp-includes/css/dist/block-library/style.min6a4d.css]
[wpocean.com/wp/lovelove/wp-content/plugins/woocommerce/packages/woocommerce-blocks/build/wc-blocks-vendors-style8caf.css]
[wpocean.com/wp/lovelove/wp-content/plugins/woocommerce/packages/woocommerce-blocks/build/wc-blocks-style8caf.css]
[wpocean.com/wp/lovelove/wp-includes/css/classic-themes.min68b3.css]
[wpocean.com/wp/lovelove/wp-content/plugins/contact-form-7/includes/css/styles77e1.css]
[wpocean.com/wp/lovelove/wp-content/plugins/lovelove-core/elementor/assets/css/lovelove-elementor8a54.css]
[wpocean.com/wp/lovelove/wp-content/plugins/woocommerce/assets/css/woocommerce-layout9d27.css]
[wpocean.com/wp/lovelove/wp-content/plugins/woocommerce/assets/css/woocommerce-smallscreen9d27.css]
[wpocean.com/wp/lovelove/wp-content/plugins/woocommerce/assets/css/woocommerce9d27.css]
[wpocean.com/wp/lovelove/wp-content/themes/lovelove/assets/css/themify-icons4698.css]
[wpocean.com/wp/lovelove/wp-content/themes/lovelove/assets/css/flaticon8a54.css]
[wpocean.com/wp/lovelove/wp-content/themes/lovelove/assets/css/bootstrap.min972f.css]
[wpocean.com/wp/lovelove/wp-content/themes/lovelove/assets/css/animate9d52.css]
[wpocean.com/wp/lovelove/wp-content/themes/lovelove/assets/css/odometer699f.css]
[wpocean.com/wp/lovelove/wp-content/plugins/lovelove-core/elementor/assets/js/lovelove-elementor6a4d.js]
[wpocean.com/wp/lovelove/wp-content/themes/lovelove/assets/css/owl.video.play.png]
[wpocean.com/wp/lovelove/wp-content/themes/lovelove/assets/css/owl.carousel531b.css]
[wpocean.com/wp/lovelove/wp-content/themes/lovelove/assets/css/owl.theme001e.css]
[wpocean.com/wp/lovelove/wp-content/themes/lovelove/assets/css/slickaff7.css]
[wpocean.com/wp/lovelove/wp-content/themes/lovelove/assets/css/swiper.min1678.css]
[wpocean.com/wp/lovelove/wp-content/themes/lovelove/assets/images/ajax-loader.gif]
[wpocean.com/wp/lovelove/wp-content/themes/lovelove/assets/css/slick-themeaff7.css]
[wpocean.com/wp/lovelove/wp-content/themes/lovelove/assets/css/owl.transitions001e.css]
[wpocean.com/wp/lovelove/wp-content/themes/lovelove/assets/images/fancybox/fancybox_sprite.png]
[wpocean.com/wp/lovelove/wp-content/themes/lovelove/assets/images/fancybox/fancybox_loading.gif]
[wpocean.com/wp/lovelove/wp-content/themes/lovelove/assets/images/fancybox/blank.gif]
[wpocean.com/wp/lovelove/wp-content/themes/lovelove/assets/images/fancybox/fancybox_overlay.png]
[wpocean.com/wp/lovelove/wp-content/themes/lovelove/assets/images/fancybox/fancybox_sprite@2x.png]
[wpocean.com/wp/lovelove/wp-content/themes/lovelove/assets/images/fancybox/fancybox_loading@2x.gif]
[wpocean.com/wp/lovelove/wp-content/themes/lovelove/assets/css/fancybox001e.css]
[wpocean.com/wp/lovelove/wp-content/themes/lovelove/assets/css/magnific-popup001e.css]
[wpocean.com/wp/lovelove/wp-content/themes/lovelove/assets/images/select-icon.png]
[wpocean.com/wp/lovelove/wp-content/themes/lovelove/assets/images/bg-2.jpg]
[wpocean.com/wp/lovelove/wp-content/themes/lovelove/assets/images/Single-title-shape2.png]
[wpocean.com/wp/lovelove/wp-content/themes/lovelove/assets/images/slider/bg.jpg]
[wpocean.com/wp/lovelove/wp-content/themes/lovelove/assets/images/slider/slide-14.jpg]
[wpocean.com/wp/lovelove/wp-content/themes/lovelove/assets/images/slider/frame2.png]
[wpocean.com/wp/lovelove/wp-content/themes/lovelove/assets/images/banner.jpg]
[wpocean.com/wp/lovelove/wp-content/themes/lovelove/assets/images/date.png]
[wpocean.com/wp/lovelove/wp-content/themes/lovelove/assets/images/couple/mask.jpg]
[wpocean.com/wp/lovelove/wp-content/themes/lovelove/assets/images/select-icon2.png]
[wpocean.com/wp/lovelove/wp-content/themes/lovelove/assets/images/date2.png]
[wpocean.com/wp/lovelove/wp-content/themes/lovelove/assets/images/contact/bg.jpg]
[wpocean.com/wp/lovelove/wp-content/themes/lovelove/assets/images/offer.jpg]
[wpocean.com/wp/lovelove/wp-content/themes/lovelove/assets/css/styles4bf4.css]
[wpocean.com/wp/lovelove/wp-content/themes/lovelove/assets/images/select-arrow.png]
[wpocean.com/wp/lovelove/wp-content/themes/lovelove/assets/css/elements4bf4.css]
[wpocean.com/wp/lovelove/wp-content/themes/lovelove/assets/css/responsive4bf4.css]
[wpocean.com/wp/lovelove/wp-content/themes/lovelove/style6a4d.css]
[wpocean.com/wp/lovelove/wp-content/plugins/elementor/assets/lib/eicons/css/elementor-icons.min91ce.css]
[wpocean.com/wp/lovelove/wp-content/plugins/elementor/assets/css/frontend-lite.min7e2e.css]
[wpocean.com/wp/lovelove/wp-content/uploads/elementor/css/post-6a6d9.css]
[wpocean.com/wp/lovelove/wp-content/uploads/elementor/css/post-79eb36.css]
[wpocean.com/wp/lovelove/wp-content/plugins/lovelove-core/elementor/assets/css/flaticon8a54.css]
[wpocean.com/wp/lovelove/wp-content/themes/lovelove/assets/css/owl.video.play.html]
[wpocean.com/wp/lovelove/wp-content/themes/lovelove/assets/images/bg-2.html]
[wpocean.com/wp/lovelove/wp-content/themes/lovelove/assets/images/Single-title-shape2.html]
[wpocean.com/wp/lovelove/wp-content/themes/lovelove/assets/images/slider/slide-14.html]
[wpocean.com/wp/lovelove/wp-content/themes/lovelove/assets/images/slider/frame2.html]
[wpocean.com/wp/lovelove/wp-content/themes/lovelove/assets/images/banner.html]
[wpocean.com/wp/lovelove/wp-content/themes/lovelove/assets/images/date2.html]
[wpocean.com/wp/lovelove/wp-content/themes/lovelove/assets/images/contact/bg.html]
[wpocean.com/wp/lovelove/wp-content/themes/lovelove/assets/images/offer.html]
